[2020-08-27T17:03:39.583+0700][gc,heap] Heap region size: 1M
[2020-08-27T17:03:39.591+0700][gc     ] Using G1
[2020-08-27T17:03:39.591+0700][gc,heap,coops] Heap address: 0x00000000c0000000, size: 1024 MB, Compressed Oops mode: 32-bit
[2020-08-27T17:03:40.252+0700][gc,start     ] GC(0) Pause Young (Concurrent Start) (Metadata GC Threshold)
[2020-08-27T17:03:40.253+0700][gc,task      ] GC(0) Using 10 workers of 10 for evacuation
[2020-08-27T17:03:40.262+0700][gc,phases    ] GC(0)   Pre Evacuate Collection Set: 0,0ms
[2020-08-27T17:03:40.262+0700][gc,phases    ] GC(0)   Evacuate Collection Set: 8,5ms
[2020-08-27T17:03:40.262+0700][gc,phases    ] GC(0)   Post Evacuate Collection Set: 0,5ms
[2020-08-27T17:03:40.262+0700][gc,phases    ] GC(0)   Other: 0,7ms
[2020-08-27T17:03:40.262+0700][gc,heap      ] GC(0) Eden regions: 41->0(44)
[2020-08-27T17:03:40.262+0700][gc,heap      ] GC(0) Survivor regions: 0->7(7)
[2020-08-27T17:03:40.262+0700][gc,heap      ] GC(0) Old regions: 0->0
[2020-08-27T17:03:40.262+0700][gc,heap      ] GC(0) Humongous regions: 0->0
[2020-08-27T17:03:40.262+0700][gc,metaspace ] GC(0) Metaspace: 20817K->20817K(1069056K)
[2020-08-27T17:03:40.262+0700][gc           ] GC(0) Pause Young (Concurrent Start) (Metadata GC Threshold) 41M->6M(1024M) 10,009ms
[2020-08-27T17:03:40.262+0700][gc,cpu       ] GC(0) User=0,04s Sys=0,00s Real=0,01s
[2020-08-27T17:03:40.262+0700][gc           ] GC(1) Concurrent Cycle
[2020-08-27T17:03:40.262+0700][gc,marking   ] GC(1) Concurrent Clear Claimed Marks
[2020-08-27T17:03:40.262+0700][gc,marking   ] GC(1) Concurrent Clear Claimed Marks 0,027ms
[2020-08-27T17:03:40.262+0700][gc,marking   ] GC(1) Concurrent Scan Root Regions
[2020-08-27T17:03:40.263+0700][gc,marking   ] GC(1) Concurrent Scan Root Regions 1,285ms
[2020-08-27T17:03:40.263+0700][gc,marking   ] GC(1) Concurrent Mark (0,684s)
[2020-08-27T17:03:40.263+0700][gc,marking   ] GC(1) Concurrent Mark From Roots
[2020-08-27T17:03:40.263+0700][gc,task      ] GC(1) Using 3 workers of 3 for marking
[2020-08-27T17:03:40.264+0700][gc,marking   ] GC(1) Concurrent Mark From Roots 0,290ms
[2020-08-27T17:03:40.264+0700][gc,marking   ] GC(1) Concurrent Preclean
[2020-08-27T17:03:40.264+0700][gc,marking   ] GC(1) Concurrent Preclean 0,089ms
[2020-08-27T17:03:40.264+0700][gc,marking   ] GC(1) Concurrent Mark (0,684s, 0,685s) 0,401ms
[2020-08-27T17:03:40.264+0700][gc,start     ] GC(1) Pause Remark
[2020-08-27T17:03:40.267+0700][gc,stringtable] GC(1) Cleaned string and symbol table, strings: 7436 processed, 0 removed, symbols: 64306 processed, 33 removed
[2020-08-27T17:03:40.267+0700][gc            ] GC(1) Pause Remark 6M->6M(1024M) 2,821ms
[2020-08-27T17:03:40.267+0700][gc,cpu        ] GC(1) User=0,02s Sys=0,00s Real=0,01s
[2020-08-27T17:03:40.267+0700][gc,marking    ] GC(1) Concurrent Rebuild Remembered Sets
[2020-08-27T17:03:40.267+0700][gc,marking    ] GC(1) Concurrent Rebuild Remembered Sets 0,051ms
[2020-08-27T17:03:40.267+0700][gc,start      ] GC(1) Pause Cleanup
[2020-08-27T17:03:40.267+0700][gc            ] GC(1) Pause Cleanup 6M->6M(1024M) 0,135ms
[2020-08-27T17:03:40.267+0700][gc,cpu        ] GC(1) User=0,00s Sys=0,00s Real=0,00s
[2020-08-27T17:03:40.267+0700][gc,marking    ] GC(1) Concurrent Cleanup for Next Mark
[2020-08-27T17:03:40.269+0700][gc,marking    ] GC(1) Concurrent Cleanup for Next Mark 2,047ms
[2020-08-27T17:03:40.269+0700][gc            ] GC(1) Concurrent Cycle 7,052ms
[2020-08-27T17:03:40.855+0700][gc,start      ] GC(2) Pause Young (Normal) (G1 Evacuation Pause)
[2020-08-27T17:03:40.855+0700][gc,task       ] GC(2) Using 10 workers of 10 for evacuation
[2020-08-27T17:03:40.859+0700][gc,phases     ] GC(2)   Pre Evacuate Collection Set: 0,0ms
[2020-08-27T17:03:40.859+0700][gc,phases     ] GC(2)   Evacuate Collection Set: 3,6ms
[2020-08-27T17:03:40.859+0700][gc,phases     ] GC(2)   Post Evacuate Collection Set: 0,5ms
[2020-08-27T17:03:40.859+0700][gc,phases     ] GC(2)   Other: 0,2ms
[2020-08-27T17:03:40.859+0700][gc,heap       ] GC(2) Eden regions: 44->0(48)
[2020-08-27T17:03:40.859+0700][gc,heap       ] GC(2) Survivor regions: 7->3(7)
[2020-08-27T17:03:40.859+0700][gc,heap       ] GC(2) Old regions: 0->7
[2020-08-27T17:03:40.859+0700][gc,heap       ] GC(2) Humongous regions: 129->129
[2020-08-27T17:03:40.859+0700][gc,metaspace  ] GC(2) Metaspace: 30987K->30987K(1077248K)
[2020-08-27T17:03:40.859+0700][gc            ] GC(2) Pause Young (Normal) (G1 Evacuation Pause) 179M->137M(1024M) 4,302ms
[2020-08-27T17:03:40.859+0700][gc,cpu        ] GC(2) User=0,03s Sys=0,00s Real=0,01s
[2020-08-27T17:03:41.119+0700][gc,start      ] GC(3) Pause Young (Concurrent Start) (Metadata GC Threshold)
[2020-08-27T17:03:41.119+0700][gc,task       ] GC(3) Using 10 workers of 10 for evacuation
[2020-08-27T17:03:41.126+0700][gc,phases     ] GC(3)   Pre Evacuate Collection Set: 0,1ms
[2020-08-27T17:03:41.126+0700][gc,phases     ] GC(3)   Evacuate Collection Set: 6,0ms
[2020-08-27T17:03:41.126+0700][gc,phases     ] GC(3)   Post Evacuate Collection Set: 0,3ms
[2020-08-27T17:03:41.126+0700][gc,phases     ] GC(3)   Other: 0,2ms
[2020-08-27T17:03:41.126+0700][gc,heap       ] GC(3) Eden regions: 24->0(46)
[2020-08-27T17:03:41.126+0700][gc,heap       ] GC(3) Survivor regions: 3->5(7)
[2020-08-27T17:03:41.126+0700][gc,heap       ] GC(3) Old regions: 7->7
[2020-08-27T17:03:41.126+0700][gc,heap       ] GC(3) Humongous regions: 129->129
[2020-08-27T17:03:41.126+0700][gc,metaspace  ] GC(3) Metaspace: 35089K->35089K(1081344K)
[2020-08-27T17:03:41.126+0700][gc            ] GC(3) Pause Young (Concurrent Start) (Metadata GC Threshold) 161M->139M(1024M) 6,654ms
[2020-08-27T17:03:41.126+0700][gc,cpu        ] GC(3) User=0,02s Sys=0,00s Real=0,01s
[2020-08-27T17:03:41.126+0700][gc            ] GC(4) Concurrent Cycle
[2020-08-27T17:03:41.126+0700][gc,marking    ] GC(4) Concurrent Clear Claimed Marks
[2020-08-27T17:03:41.126+0700][gc,marking    ] GC(4) Concurrent Clear Claimed Marks 0,027ms
[2020-08-27T17:03:41.126+0700][gc,marking    ] GC(4) Concurrent Scan Root Regions
[2020-08-27T17:03:41.127+0700][gc,marking    ] GC(4) Concurrent Scan Root Regions 1,521ms
[2020-08-27T17:03:41.127+0700][gc,marking    ] GC(4) Concurrent Mark (1,548s)
[2020-08-27T17:03:41.127+0700][gc,marking    ] GC(4) Concurrent Mark From Roots
[2020-08-27T17:03:41.127+0700][gc,task       ] GC(4) Using 3 workers of 3 for marking
[2020-08-27T17:03:41.133+0700][gc,marking    ] GC(4) Concurrent Mark From Roots 5,268ms
[2020-08-27T17:03:41.133+0700][gc,marking    ] GC(4) Concurrent Preclean
[2020-08-27T17:03:41.133+0700][gc,marking    ] GC(4) Concurrent Preclean 0,183ms
[2020-08-27T17:03:41.133+0700][gc,marking    ] GC(4) Concurrent Mark (1,548s, 1,554s) 5,501ms
[2020-08-27T17:03:41.134+0700][gc,start      ] GC(4) Pause Remark
[2020-08-27T17:03:41.141+0700][gc,stringtable] GC(4) Cleaned string and symbol table, strings: 13386 processed, 7 removed, symbols: 100396 processed, 22 removed
[2020-08-27T17:03:41.142+0700][gc            ] GC(4) Pause Remark 140M->140M(1024M) 8,268ms
[2020-08-27T17:03:41.142+0700][gc,cpu        ] GC(4) User=0,03s Sys=0,01s Real=0,01s
[2020-08-27T17:03:41.142+0700][gc,marking    ] GC(4) Concurrent Rebuild Remembered Sets
[2020-08-27T17:03:41.145+0700][gc,marking    ] GC(4) Concurrent Rebuild Remembered Sets 2,999ms
[2020-08-27T17:03:41.146+0700][gc,start      ] GC(4) Pause Cleanup
[2020-08-27T17:03:41.146+0700][gc            ] GC(4) Pause Cleanup 140M->140M(1024M) 0,219ms
[2020-08-27T17:03:41.146+0700][gc,cpu        ] GC(4) User=0,00s Sys=0,00s Real=0,00s
[2020-08-27T17:03:41.146+0700][gc,marking    ] GC(4) Concurrent Cleanup for Next Mark
[2020-08-27T17:03:41.149+0700][gc,marking    ] GC(4) Concurrent Cleanup for Next Mark 3,569ms
[2020-08-27T17:03:41.150+0700][gc            ] GC(4) Concurrent Cycle 23,675ms
[2020-08-27T17:04:48.888+0700][gc,start      ] GC(5) Pause Young (Normal) (G1 Evacuation Pause)
[2020-08-27T17:04:48.889+0700][gc,task       ] GC(5) Using 10 workers of 10 for evacuation
[2020-08-27T17:04:48.895+0700][gc,phases     ] GC(5)   Pre Evacuate Collection Set: 0,0ms
[2020-08-27T17:04:48.895+0700][gc,phases     ] GC(5)   Evacuate Collection Set: 6,0ms
[2020-08-27T17:04:48.895+0700][gc,phases     ] GC(5)   Post Evacuate Collection Set: 0,6ms
[2020-08-27T17:04:48.895+0700][gc,phases     ] GC(5)   Other: 0,3ms
[2020-08-27T17:04:48.895+0700][gc,heap       ] GC(5) Eden regions: 46->0(45)
[2020-08-27T17:04:48.895+0700][gc,heap       ] GC(5) Survivor regions: 5->6(7)
[2020-08-27T17:04:48.895+0700][gc,heap       ] GC(5) Old regions: 7->9
[2020-08-27T17:04:48.895+0700][gc,heap       ] GC(5) Humongous regions: 129->129
[2020-08-27T17:04:48.895+0700][gc,metaspace  ] GC(5) Metaspace: 44002K->44002K(1089536K)
[2020-08-27T17:04:48.895+0700][gc            ] GC(5) Pause Young (Normal) (G1 Evacuation Pause) 185M->142M(1024M) 6,967ms
[2020-08-27T17:04:48.895+0700][gc,cpu        ] GC(5) User=0,04s Sys=0,00s Real=0,00s
[2020-08-27T17:13:47.042+0700][gc,start      ] GC(6) Pause Young (Normal) (G1 Evacuation Pause)
[2020-08-27T17:13:47.043+0700][gc,task       ] GC(6) Using 10 workers of 10 for evacuation
[2020-08-27T17:13:47.048+0700][gc,phases     ] GC(6)   Pre Evacuate Collection Set: 0,5ms
[2020-08-27T17:13:47.048+0700][gc,phases     ] GC(6)   Evacuate Collection Set: 3,9ms
[2020-08-27T17:13:47.048+0700][gc,phases     ] GC(6)   Post Evacuate Collection Set: 1,0ms
[2020-08-27T17:13:47.049+0700][gc,phases     ] GC(6)   Other: 0,9ms
[2020-08-27T17:13:47.049+0700][gc,heap       ] GC(6) Eden regions: 45->0(46)
[2020-08-27T17:13:47.049+0700][gc,heap       ] GC(6) Survivor regions: 6->5(7)
[2020-08-27T17:13:47.049+0700][gc,heap       ] GC(6) Old regions: 9->11
[2020-08-27T17:13:47.049+0700][gc,heap       ] GC(6) Humongous regions: 129->129
[2020-08-27T17:13:47.049+0700][gc,metaspace  ] GC(6) Metaspace: 46898K->46898K(1091584K)
[2020-08-27T17:13:47.049+0700][gc            ] GC(6) Pause Young (Normal) (G1 Evacuation Pause) 187M->144M(1024M) 6,283ms
[2020-08-27T17:13:47.049+0700][gc,cpu        ] GC(6) User=0,02s Sys=0,00s Real=0,01s
