[2020-08-27T17:03:26.179+0700][gc,heap] Heap region size: 1M
[2020-08-27T17:03:26.183+0700][gc     ] Using G1
[2020-08-27T17:03:26.183+0700][gc,heap,coops] Heap address: 0x00000000e0000000, size: 512 MB, Compressed Oops mode: 32-bit
[2020-08-27T17:03:40.368+0700][gc,start     ] GC(0) Pause Young (Normal) (G1 Evacuation Pause)
[2020-08-27T17:03:40.369+0700][gc,task      ] GC(0) Using 10 workers of 10 for evacuation
[2020-08-27T17:03:40.374+0700][gc,phases    ] GC(0)   Pre Evacuate Collection Set: 0,0ms
[2020-08-27T17:03:40.374+0700][gc,phases    ] GC(0)   Evacuate Collection Set: 4,0ms
[2020-08-27T17:03:40.374+0700][gc,phases    ] GC(0)   Post Evacuate Collection Set: 0,4ms
[2020-08-27T17:03:40.374+0700][gc,phases    ] GC(0)   Other: 1,4ms
[2020-08-27T17:03:40.374+0700][gc,heap      ] GC(0) Eden regions: 25->0(21)
[2020-08-27T17:03:40.374+0700][gc,heap      ] GC(0) Survivor regions: 0->4(4)
[2020-08-27T17:03:40.374+0700][gc,heap      ] GC(0) Old regions: 0->2
[2020-08-27T17:03:40.374+0700][gc,heap      ] GC(0) Humongous regions: 0->0
[2020-08-27T17:03:40.374+0700][gc,metaspace ] GC(0) Metaspace: 15310K->15310K(1062912K)
[2020-08-27T17:03:40.374+0700][gc           ] GC(0) Pause Young (Normal) (G1 Evacuation Pause) 25M->5M(512M) 5,875ms
[2020-08-27T17:03:40.374+0700][gc,cpu       ] GC(0) User=0,03s Sys=0,00s Real=0,00s
[2020-08-27T17:13:45.571+0700][gc,heap,exit ] Heap
[2020-08-27T17:13:45.571+0700][gc,heap,exit ]  garbage-first heap   total 524288K, used 11804K [0x00000000e0000000, 0x0000000100000000)
[2020-08-27T17:13:45.571+0700][gc,heap,exit ]   region size 1024K, 11 young (11264K), 4 survivors (4096K)
[2020-08-27T17:13:45.571+0700][gc,heap,exit ]  Metaspace       used 15823K, capacity 16144K, committed 16640K, reserved 1064960K
[2020-08-27T17:13:45.571+0700][gc,heap,exit ]   class space    used 1576K, capacity 1676K, committed 1792K, reserved 1048576K
