[2020-08-27T17:24:36.480+0700][gc,heap] Heap region size: 1M
[2020-08-27T17:24:36.483+0700][gc     ] Using G1
[2020-08-27T17:24:36.483+0700][gc,heap,coops] Heap address: 0x00000000e0000000, size: 512 MB, Compressed Oops mode: 32-bit
[2020-08-27T17:24:38.770+0700][gc,start     ] GC(0) Pause Young (Normal) (G1 Evacuation Pause)
[2020-08-27T17:24:38.771+0700][gc,task      ] GC(0) Using 10 workers of 10 for evacuation
[2020-08-27T17:24:38.777+0700][gc,phases    ] GC(0)   Pre Evacuate Collection Set: 0,0ms
[2020-08-27T17:24:38.777+0700][gc,phases    ] GC(0)   Evacuate Collection Set: 5,2ms
[2020-08-27T17:24:38.777+0700][gc,phases    ] GC(0)   Post Evacuate Collection Set: 0,3ms
[2020-08-27T17:24:38.777+0700][gc,phases    ] GC(0)   Other: 0,8ms
[2020-08-27T17:24:38.777+0700][gc,heap      ] GC(0) Eden regions: 25->0(21)
[2020-08-27T17:24:38.777+0700][gc,heap      ] GC(0) Survivor regions: 0->4(4)
[2020-08-27T17:24:38.777+0700][gc,heap      ] GC(0) Old regions: 0->2
[2020-08-27T17:24:38.777+0700][gc,heap      ] GC(0) Humongous regions: 0->0
[2020-08-27T17:24:38.777+0700][gc,metaspace ] GC(0) Metaspace: 15150K->15150K(1062912K)
[2020-08-27T17:24:38.777+0700][gc           ] GC(0) Pause Young (Normal) (G1 Evacuation Pause) 25M->5M(512M) 6,499ms
[2020-08-27T17:24:38.777+0700][gc,cpu       ] GC(0) User=0,05s Sys=0,00s Real=0,00s
[2020-08-27T17:25:04.866+0700][gc,heap,exit ] Heap
[2020-08-27T17:25:04.866+0700][gc,heap,exit ]  garbage-first heap   total 524288K, used 6767K [0x00000000e0000000, 0x0000000100000000)
[2020-08-27T17:25:04.866+0700][gc,heap,exit ]   region size 1024K, 6 young (6144K), 4 survivors (4096K)
[2020-08-27T17:25:04.866+0700][gc,heap,exit ]  Metaspace       used 15327K, capacity 15600K, committed 15744K, reserved 1062912K
[2020-08-27T17:25:04.866+0700][gc,heap,exit ]   class space    used 1549K, capacity 1644K, committed 1664K, reserved 1048576K
